// Jest Snapshot v1, https://goo.gl/fbAQLP

exports[`should match snapshot 1`] = `
<DocumentFragment>
  <div
    style="background-color: black; height: 100px; width: 100px;"
  >
    <button>
      X
    </button>
  </div>
</DocumentFragment>
`;
