// Jest Snapshot v1, https://goo.gl/fbAQLP

exports[`Todo should render 1`] = `
<DocumentFragment>
  <div
    class="Todo"
  >
    <span
      class="Todo-task"
    />
    <button
      class="Todo-delete"
    >
      X
    </button>
  </div>
</DocumentFragment>
`;
